# Raspberry Pi 4

## Install
### OS
https://www.raspberrypi.org/software/

64bit : https://www.raspberrypi.org/forums/viewtopic.php?f=117&t=275370

##### ssh
https://www.raspberrypi.org/documentation/remote-access/ssh/
```
$ sudo raspi-config
>>> Select 'Interfacing Options'
```

##### git
```
$ git config --global user.email "you@example.com"
$ git config --global user.name "my name"
```
##### alias
https://www.raspberrypi.org/documentation/linux/usage/bashrc.md
```
$ cp .bash_aliases ~/.bash_aliases
```

### MariaDB
https://pimylifeup.com/raspberry-pi-mysql/
##### Enable remote connection
https://howtoraspberrypi.com/enable-mysql-remote-connection-raspberry-pi/

### Jupyter notebook
https://www.instructables.com/Jupyter-Notebook-on-Raspberry-Pi/

##### Additional packages
```
## for '500: Internal Server Error'
$ pip3 install voila-gridstack
```
##### Running in the background
```
$ nohup jupyter-notebook --ip="0.0.0.0" --no-browser &
```

### Node.js
https://www.w3schools.com/nodejs/nodejs_raspberrypi.asp
```
$ sudo apt-get update
$ curl -sL https://deb.nodesource.com/setup_8.x | sudo -E bash -
$ sudo apt-get install -y nodejs
$ sudo apt-get install -y npm
$ sudo npm install npx -g
```

### fancontrol
##### auto_fancontrol
https://gyuha.tistory.com/506
##### quiet/full speed cooling mode(3v/5v)
https://www.raspberrypi.org/forums/viewtopic.php?t=248918
